<html>
<body>
<pre>
<h1>µVision Build Log</h1>
<h2>Tool Versions:</h2>
IDE-Version: µVision V5.39.0.0
Copyright (C) 2023 ARM Ltd and ARM Germany GmbH. All rights reserved.
License Information: Eric Santana, CSULB, LIC=----
 
Tool Versions:
Toolchain:       MDK-Lite  Version: 5.39.0.0
Toolchain Path:  C:\Keil_v5\ARM\ARMCLANG\Bin
C Compiler:      ArmClang.exe V6.21
Assembler:       Armasm.exe V6.21
Linker/Locator:  ArmLink.exe V6.21
Library Manager: ArmAr.exe V6.21
Hex Converter:   FromElf.exe V6.21
CPU DLL:         SARMCM3.DLL V5.39.0.0
Dialog DLL:      DCM.DLL V1.17.5.0
Target DLL:      lmidk-agdi.dll V???
Dialog DLL:      TCM.DLL V1.56.4.0
 
<h2>Project:</h2>
C:\Users\fallo\Desktop\Project Repository\Embedded-Systems-UART-Driver\Digital Clock Project\Digital Clock.uvprojx
Project File Date:  05/27/2025

<h2>Output:</h2>
*** Using Compiler 'V6.21', folder: 'C:\Keil_v5\ARM\ARMCLANG\Bin'
Rebuild target 'Target 1'
compiling PortFSetup.c...
compiling SysTick.c...
main.c(31): warning: mixing declarations and code is incompatible with standards before C99 [-Wdeclaration-after-statement]
   31 |         char Catch = 0;
      |              ^
1 warning generated.
compiling main.c...
Uart.c(58): warning: unsafe pointer arithmetic [-Wunsafe-buffer-usage]
   58 |                 Uart_Transmit(*str++);
      |                                ^~~
1 warning generated.
compiling Uart.c...
assembling startup.s...
linking...
Program Size: Code=1970 RO-data=158 RW-data=0 ZI-data=1120  
".\Objects\Digital Clock.axf" - 0 Error(s), 2 Warning(s).

<h2>Software Packages used:</h2>

Package Vendor: Keil
                http://www.keil.com/pack/Keil.TM4C_DFP.1.1.0.pack
                Keil::TM4C_DFP@1.1.0
                Texas Instruments Tiva C Series Device Support and Examples

<h2>Collection of Component include folders:</h2>
  C:/Users/fallo/AppData/Local/Arm/Packs/Keil/TM4C_DFP/1.1.0/Device/Include/TM4C123

<h2>Collection of Component Files used:</h2>
Build Time Elapsed:  00:00:00
</pre>
</body>
</html>
